[PASS] core verifier (138 s): scope: FULL PASS covers the executed computations, all 8 numeric tables of main.tex/supplement.tex (exact display strings), and canonical ar
[PASS] prose numbers (5 s): prose numbers: 686 checked, 0 failures, 16 uncheckable (cited values; see UNCHECKABLE in the registries)
[PASS] external regression tests (1 s): OK
[PASS] baseline tests (19 s): 0 failures; 18.7s
[PASS] constancy test check (7 s): RESULT: the two constancy tests never disagree on these inputs; no fold is affected
[PASS] auxiliary outputs (3 s): Auxiliary output reproduction PASS
[PASS] archived-source identities (0 s): Archived source formula/skeleton checks PASS: 154 pages
[PASS] interval certificates (1 s): Mathematics interval checks PASS
[PASS] prose style (0 s): prose style check: PASS
[PASS] manifest (0 s): manifest OK: 416 files, one hash per path, all match
[PASS] external verifier (4408 s): external verification: PASS (structures, rebuild, baseline validation, fresh re-runs, table)
[PASS] structural checks (2073 s): TAB firstfail GA row: OK
[PASS] 32-digit recount (64 s): RESULT: all counts reproduced at 32 significant digits (63 s)
[PASS] verifier self-test (293 s): PASS  op:missing-artifact
[PASS] counter-attacks on the checkers (90 s): RESULT: 13 attacks, 13 rejected, 0 false negatives
[PASS] labels and references (1 s): label/reference/figure/table checks: PASS
[PASS] Lean proofs (260 s): OK: all 36 expected theorems report only propext / Classical.choice / Quot.sound
[FAIL] every script replayed in isolation (1134 s): RESULT: 1 PROBLEM(S)
[PASS] provenance CSV convention: 91 CRLF rows, field counts [12]
FAILURES
