run_all_scripts at 336cce3: 38 scripts, each in an isolated copy of the 487 tracked files snapshotted before the run; comparison: bytes (PDFs by canonical form)
[OK] external/build_nonane_data.py: exit 0, 0 s; all written files identical; last line: 2,3,3,4-tetramethylpentane dHvap 9.99 41.8 only one NIST ΔvapH° entry, non-calorimetric (method N/A); p
[OK] external/check_nonane_structures.py: exit 0, 0 s; all written files identical; last line: 35 trees enumerated; 35 SMILES parsed strictly; each matches exactly one tree, all covered once; NIST InChI == SMILES fo
[OK] external/bp/build_bp_data.py: exit 0, 0 s; all written files identical; last line: total included 100
[OK] external/bp/build_calorimetric_set.py: exit 0, 0 s; all written files identical; last line: 16 Hexadecane | linear
[OK] ablation_gm_vs_lo.py: exit 0, 0 s; all written files identical; last line:   omega   GM +0.9786  LO +0.9565  dQ2=-0.0221  d|err| mean=+0.0023 med=+0.0016  5/13/0
[OK] ablation_robustness.py: exit 0, 139 s; all written files identical; last line: wrote ablation_robustness.csv, 30 rows
[OK] expanded_robustness_v35.py: exit 0, 17 s; all written files identical; last line: wrote expanded_robustness_v35.csv (1000 rows) + summary
[OK] tmb_exclusion_sensitivity.py: exit 0, 11 s; all written files identical; last line: wrote dhvap_tmb_exclusion_v36.csv and dhvap_tmb_exclusion_summary_v36.csv
[OK] source_sensitivity.py: exit 0, 0 s; all written files identical; last line: S: 11/12 displayed correlations change; winner HM -> M1; max |shift| = 0.0180
[OK] multi_order_degeneracy.py: exit 0, 1 s; all written files identical; last line: sanity: no index exceeds BID floor
[OK] redundancy_collisions.py: exit 0, 0 s; all written files identical; last line:   3,4-dimethylhexane vs 3-ethyl-2-methylpentane: dT_B=+2.100, ddHf=-0.430, ddHvap=+0.110, dS=+0.530, domega=+0.010
[OK] fgd_structure_sensitivity.py: exit 0, 1 s; all written files identical; last line:   node_labels = _init_node_labels(G, edge_attr, node_attr)
[OK] generate_loyola_v35_figures.py: exit 0, 2 s; all written files identical; last line: wrote 3 CSVs -> /private/var/folders/mg/gcsbnhm17pbf51dr77g3t9k80000gn/T/loyola_run_cl4wpw4i and 2 manuscript PDFs -> /p
[OK] external/baselines.py: exit 0, 16 s; all written files identical; last line: wrote /private/var/folders/mg/gcsbnhm17pbf51dr77g3t9k80000gn/T/loyola_run_68hutk0d/external/baselines_octane.csv  (15.7s
[OK] external/nonane_validation.py: exit 0, 93 s; all written files identical; last line: dHvap  primary                                  n=34  verdict: REPLICATES  B=200: LO better 95/100, median dQ2 +0.0482  
[OK] external/transfer_exploratory.py: exit 0, 17 s; all written files identical; last line: dHvap  B=500: refit Q2 median GM +0.8651 LO +0.9161 (LO better 100/100) | frozen Q2 median GM +0.3217 LO -0.7171
[OK] external/uncertainty_exploratory.py: exit 0, 95 s; all written files identical; last line: nonane dHvap  n=34 B=500: dQ2(LO-GM) +0.053 [-0.005,+0.119]  P(>0)=0.96 | dQ2(LO-ridge) -0.025 [-0.103,+0.042]
[OK] external/box_sensitivity.py: exit 0, 297 s; all written files identical; last line: ['nonane', 'dHvap', 34, 12, 50, '0.8924133283', '0.8809100098', '-0.0159460202', 15, '0.0947058824', '0.0194117647', '0.
[OK] external/wide_box_diagnostics.py: exit 0, 20 s; all written files identical; last line: D2 one-descriptor path: 1158 selected candidates checked; max rel error of inner RMSE 1.40e-14, of prediction 1.17e-15
[OK] external/bp/bp_tests.py: exit 0, 834 s; all written files identical; last line: ['B: pooled C6-C10 T_B (size-adjusted)', 'ridge on degree-pair counts', 100, '0.9910686922', '2.6609199580']
[OK] external/bp/coverage_bias.py: exit 0, 1 s; all written files identical; last line: ['Randic R', 34, 41, '4.540', '4.604', '-0.063', '0.1033']
[OK] external/bp/make_bp_table.py: exit 0, 0 s; all written files identical; last line: C6--C10, with $n_C$ ($n = 100$) & $0.938$ & $0.967$ & $0.963$ & $0.963$ & $0.991$ & $0.977$ & $0.977$ & $-0.000$ & $25$\
[OK] external/make_box_table.py: exit 0, 0 s; all written files identical; last line: non. $\Delta H_{\mathrm{vap}}$ & $93\%$ & $0.855$ & $0.895$ & $49$ & $9\%$ & $0.892$ & $0.881$ & $0.889$ & $24$\\
[OK] external/make_v37_table.py: exit 0, 0 s; all written files identical; last line: non. $\Delta H_{\mathrm{vap}}$ & $-0.062$ & $0.857$ & $0.897$ & $0.927$ & $0.903$ & $0.853$ & $0.900$ & $95/98$\\
[OK] structural/structural_checks.py: exit 0, 1153 s; all written files identical; last line:   node_labels = _init_node_labels(G, edge_attr, node_attr)
[OK] structural/hp_counts.py: exit 0, 85 s; all written files identical; last line: RESULT: all counts reproduced at 32 significant digits (84 s)
[OK] structural/fractional_points.py: exit 0, 4 s; all written files identical; last line: gamma=1 better than gamma=0 at the same fractional (alpha,beta): 52 of 81 cases
[OK] structural/chi_floor.py: exit 0, 0 s; all written files identical; last line: n=12 profiles=294 chi_distinct=281
[OK] constancy_test_check.py: exit 0, 10 s; all written files identical; last line: RESULT: the two constancy tests never disagree on these inputs; no fold is affected
[OK] tuning_pool_seed_sweep.py: exit 0, 1 s; all written files identical; last line: seeds 0-99: median nested gain M2/omega = +0.0033, positive in 97 of 100 seeds, min -0.0004, max +0.0063
[OK] audit/check_exploratory_outputs.py: exit 0, 4 s; all written files identical; last line: Auxiliary output reproduction PASS
[OK] audit/check_source_identities.py: exit 0, 0 s; all written files identical; last line: Archived source formula/skeleton checks PASS: 154 pages
[OK] audit/check_mathematics.py: exit 0, 2 s; all written files identical; last line: Mathematics interval checks PASS
[OK] prose_numbers_check.py: exit 0, 7 s; all written files identical; last line: prose numbers: 708 checked, 0 failures, 16 uncheckable (cited values; see UNCHECKABLE in the registries)
[OK] external/test_regressions.py: exit 0, 0 s; all written files identical; last line: OK
[OK] external/test_baselines.py: exit 0, 27 s; all written files identical; last line: 0 failures; 26.5s
[OK] verify_loyola_v35.py: exit 0, 203 s; all written files identical; last line:   node_labels = _init_node_labels(G, edge_attr, node_attr)
[OK] manifest.py: exit 0, 0 s; all written files identical; last line: manifest OK: 486 files, one hash per path, all match (no git checkout: listed files verified, untracked files not detect
RESULT: every script exits 0 and reproduces its committed outputs
