START ['build_nonane_data.py']
END ['build_nonane_data.py'] exit 0 seconds 0.0
START ['check_nonane_structures.py']
END ['check_nonane_structures.py'] exit 0 seconds 0.2
START ['test_baselines.py']
END ['test_baselines.py'] exit 0 seconds 29.3
START ['nonane_validation.py']
END ['nonane_validation.py'] exit 0 seconds 101.9
START ['baselines.py', '--dataset', 'octane']
END ['baselines.py', '--dataset', 'octane'] exit 0 seconds 19.3
START ['baselines.py', '--dataset', 'nonane']
END ['baselines.py', '--dataset', 'nonane'] exit 0 seconds 32.5
START ['make_v37_table.py']
END ['make_v37_table.py'] exit 0 seconds 0.1
START ['transfer_exploratory.py']
END ['transfer_exploratory.py'] exit 0 seconds 18.6
START ['uncertainty_exploratory.py']
END ['uncertainty_exploratory.py'] exit 0 seconds 106.3
START ['box_sensitivity.py']
END ['box_sensitivity.py'] exit 0 seconds 335.7
START ['make_box_table.py']
END ['make_box_table.py'] exit 0 seconds 0.0
START ['build_bp_data.py']
END ['build_bp_data.py'] exit 0 seconds 0.3
START ['bp_tests.py']
END ['bp_tests.py'] exit 0 seconds 736.0
START ['make_bp_table.py']
END ['make_bp_table.py'] exit 0 seconds 0.1
START ['coverage_bias.py']
END ['coverage_bias.py'] exit 0 seconds 1.1
external verification: PASS (structures, rebuild, baseline validation, fresh re-runs, table)
