seed 0 elapsed 0.0
seed 1 elapsed 13.7
seed 2 elapsed 27.7
seed 3 elapsed 41.5
seed 4 elapsed 54.7
seed 5 elapsed 67.9
seed 6 elapsed 80.9
seed 7 elapsed 94.4
seed 8 elapsed 107.8
seed 9 elapsed 121.4
seed 10 elapsed 135.2
seed 11 elapsed 148.6
seed 12 elapsed 162.0
seed 13 elapsed 175.2
seed 14 elapsed 188.4
seed 15 elapsed 201.7
seed 16 elapsed 215.8
seed 17 elapsed 230.8
seed 18 elapsed 248.8
seed 19 elapsed 265.8
seed 20 elapsed 281.5
seed 21 elapsed 297.7
seed 22 elapsed 316.7
seed 23 elapsed 334.0
seed 24 elapsed 349.6
seed 25 elapsed 365.8
seed 26 elapsed 381.9
seed 27 elapsed 398.5
seed 28 elapsed 415.5
seed 29 elapsed 431.1
seed 30 elapsed 446.9
seed 31 elapsed 462.0
seed 32 elapsed 478.9
seed 33 elapsed 494.7
seed 34 elapsed 510.1
seed 35 elapsed 524.1
seed 36 elapsed 537.6
seed 37 elapsed 551.1
seed 38 elapsed 564.8
seed 39 elapsed 578.6
seed 40 elapsed 593.8
seed 41 elapsed 609.2
seed 42 elapsed 623.5
seed 43 elapsed 637.3
seed 44 elapsed 651.0
seed 45 elapsed 664.3
seed 46 elapsed 677.9
seed 47 elapsed 692.0
seed 48 elapsed 705.6
seed 49 elapsed 719.7
bp_results_seeds.csv equal True
bp_results_summary.csv equal True
bp_baselines.csv equal True
All 50 seeds, bootstrap summary and pooled baselines reproduced after preserving candidate eligibility
